
 N E X T F L O W   ~  version 25.10.4

Launching `main.nf` [cranky_gutenberg] DSL2 - revision: 23bce016d9


╔══════════════════════════════════════════════════════════╗
║            MITOGENOME PIPELINE — Fase 1 + 2              ║
╚══════════════════════════════════════════════════════════╝
Acesso SRA  : SRR28399504
Semente     : /home/matheus/mitogenome-pipeline/data/seeds/a_hyacinthinus_cox1.fasta
Saída       : results/a_leari
Range mtDNA : 15500-18500 bp
Código gen. : 2  (2=vertebrado; 5=invertebrado)
Max reads   : (automático — Pilot QC)
BD MITOS2   : /home/matheus/mitogenome-pipeline/data/databases/refseq89m
Organismo   : Anodorhynchus leari

Pilot QC: ativado — analisando 500000 reads piloto...
[-        ] SRA_PILOT    -
[-        ] SRA_DOWNLOAD -
[-        ] FASTQC       -
[-        ] TRIM_GALORE  -
[-        ] NOVOPLASTY   -
[-        ] MITOS2       -

[-        ] SRA_PILOT       | 0 of 1
[-        ] SRA_DOWNLOAD    -
[-        ] FASTQC          -
[-        ] TRIM_GALORE     -
[-        ] NOVOPLASTY      -
[-        ] MITOS2          -
[-        ] COMPILE_SUMMARY -

executor >  local (1)
[f5/93ac4b] SRA_PILOT (SRR28399504) | 0 of 1
[-        ] SRA_DOWNLOAD            -
[-        ] FASTQC                  -
[-        ] TRIM_GALORE             -
[-        ] NOVOPLASTY              -
[-        ] MITOS2                  -
[-        ] COMPILE_SUMMARY         -

executor >  local (2)
[f5/93ac4b] SRA_PILOT (SRR28399504)    | 1 of 1 ✔
[96/273e94] SRA_DOWNLOAD (SRR28399504) | 0 of 1
[-        ] FASTQC                     -
[-        ] TRIM_GALORE                -
[-        ] NOVOPLASTY                 -
[-        ] MITOS2                     -
[-        ] COMPILE_SUMMARY            -

executor >  local (4)
[f5/93ac4b] SRA_PILOT (SRR28399504)    | 1 of 1 ✔
[96/273e94] SRA_DOWNLOAD (SRR28399504) | 1 of 1 ✔
[89/7d9998] FASTQC (SRR28399504)       | 0 of 1
[08/950915] TRIM_GALORE (SRR28399504)  | 0 of 1
[-        ] NOVOPLASTY                 -
[-        ] MITOS2                     -
[-        ] COMPILE_SUMMARY            -

executor >  local (4)
[f5/93ac4b] SRA_PILOT (SRR28399504)    | 1 of 1 ✔
[96/273e94] SRA_DOWNLOAD (SRR28399504) | 1 of 1 ✔
[89/7d9998] FASTQC (SRR28399504)       | 1 of 1 ✔
[08/950915] TRIM_GALORE (SRR28399504)  | 0 of 1
[-        ] NOVOPLASTY                 -
[-        ] MITOS2                     -
[-        ] COMPILE_SUMMARY            -

executor >  local (5)
[f5/93ac4b] SRA_PILOT (SRR28399504)    | 1 of 1 ✔
[96/273e94] SRA_DOWNLOAD (SRR28399504) | 1 of 1 ✔
[89/7d9998] FASTQC (SRR28399504)       | 1 of 1 ✔
[08/950915] TRIM_GALORE (SRR28399504)  | 1 of 1 ✔
[bc/f0632d] NOVOPLASTY (SRR28399504)   | 0 of 1
[-        ] MITOS2                     -
[-        ] COMPILE_SUMMARY            -

executor >  local (5)
[f5/93ac4b] SRA_PILOT (SRR28399504)    | 1 of 1 ✔
[96/273e94] SRA_DOWNLOAD (SRR28399504) | 1 of 1 ✔
[89/7d9998] FASTQC (SRR28399504)       | 1 of 1 ✔
[08/950915] TRIM_GALORE (SRR28399504)  | 1 of 1 ✔
[bc/f0632d] NOVOPLASTY (SRR28399504)   | 1 of 1 ✔
[-        ] MITOS2                     -
[-        ] COMPILE_SUMMARY            -

executor >  local (5)
[f5/93ac4b] SRA_PILOT (SRR28399504)    | 1 of 1 ✔
[96/273e94] SRA_DOWNLOAD (SRR28399504) | 1 of 1 ✔
[89/7d9998] FASTQC (SRR28399504)       | 1 of 1 ✔
[08/950915] TRIM_GALORE (SRR28399504)  | 1 of 1 ✔
[bc/f0632d] NOVOPLASTY (SRR28399504)   | 1 of 1 ✔
[-        ] MITOS2                     | 0 of 1
[-        ] COMPILE_SUMMARY            -

executor >  local (6)
[f5/93ac4b] SRA_PILOT (SRR28399504)    | 1 of 1 ✔
[96/273e94] SRA_DOWNLOAD (SRR28399504) | 1 of 1 ✔
[89/7d9998] FASTQC (SRR28399504)       | 1 of 1 ✔
[08/950915] TRIM_GALORE (SRR28399504)  | 1 of 1 ✔
[bc/f0632d] NOVOPLASTY (SRR28399504)   | 1 of 1 ✔
[2b/ee6126] MITOS2 (SRR28399504)       | 0 of 1
[-        ] COMPILE_SUMMARY            -

executor >  local (6)
[f5/93ac4b] SRA_PILOT (SRR28399504)    | 1 of 1 ✔
[96/273e94] SRA_DOWNLOAD (SRR28399504) | 1 of 1 ✔
[89/7d9998] FASTQC (SRR28399504)       | 1 of 1 ✔
[08/950915] TRIM_GALORE (SRR28399504)  | 1 of 1 ✔
[bc/f0632d] NOVOPLASTY (SRR28399504)   | 1 of 1 ✔
[2b/ee6126] MITOS2 (SRR28399504)       | 1 of 1 ✔
[-        ] COMPILE_SUMMARY            | 0 of 1

executor >  local (7)
[f5/93ac4b] SRA_PILOT (SRR28399504)       | 1 of 1 ✔
[96/273e94] SRA_DOWNLOAD (SRR28399504)    | 1 of 1 ✔
[89/7d9998] FASTQC (SRR28399504)          | 1 of 1 ✔
[08/950915] TRIM_GALORE (SRR28399504)     | 1 of 1 ✔
[bc/f0632d] NOVOPLASTY (SRR28399504)      | 1 of 1 ✔
[2b/ee6126] MITOS2 (SRR28399504)          | 1 of 1 ✔
[30/6047e7] COMPILE_SUMMARY (SRR28399504) | 0 of 1

executor >  local (7)
[f5/93ac4b] SRA_PILOT (SRR28399504)       | 1 of 1 ✔
[96/273e94] SRA_DOWNLOAD (SRR28399504)    | 1 of 1 ✔
[89/7d9998] FASTQC (SRR28399504)          | 1 of 1 ✔
[08/950915] TRIM_GALORE (SRR28399504)     | 1 of 1 ✔
[bc/f0632d] NOVOPLASTY (SRR28399504)      | 1 of 1 ✔
[2b/ee6126] MITOS2 (SRR28399504)          | 1 of 1 ✔
[30/6047e7] COMPILE_SUMMARY (SRR28399504) | 1 of 1 ✔

executor >  local (7)
[f5/93ac4b] SRA_PILOT (SRR28399504)       | 1 of 1 ✔
[96/273e94] SRA_DOWNLOAD (SRR28399504)    | 1 of 1 ✔
[89/7d9998] FASTQC (SRR28399504)          | 1 of 1 ✔
[08/950915] TRIM_GALORE (SRR28399504)     | 1 of 1 ✔
[bc/f0632d] NOVOPLASTY (SRR28399504)      | 1 of 1 ✔
[2b/ee6126] MITOS2 (SRR28399504)          | 1 of 1 ✔
[30/6047e7] COMPILE_SUMMARY (SRR28399504) | 1 of 1 ✔

╔══════════════════════════════════════════════════════════╗
║                 PIPELINE CONCLUÍDO                       ║
╚══════════════════════════════════════════════════════════╝
Status  : SUCESSO ✓
Duração : 56m 42s
Saída   : results/a_leari

Completed at: 12-Apr-2026 21:57:37
Duration    : 56m 42s
CPU hours   : 4.2
Succeeded   : 7


